Starting Table Calculation Tests...

Test 1: Running Total
A: 10 Expected: 10
B: 30 Expected: 30
C: 50 Expected: 50
D: 55 Expected: 55
Γ£à Passed

Test 2: Percent of Total
A: 18.18 Expected: 18.18
B: 36.36 Expected: 36.36
Γ£à Passed

Test 3: Rank
B (20): 1
C (20): 1
A (10): 3
D (5): 4
Γ£à Passed (Competition Rank)
